src/crawlers/enrichment_service.ts(58,24): error TS2339: Property 'waitForTimeout' does not exist on type 'Page'.
src/diagnose_data.ts(16,46): error TS2339: Property 'source' does not exist on type 'PrismaClient<PrismaClientOptions, never, DefaultArgs>'.
src/diagnose_data.ts(17,21): error TS7006: Parameter 's' implicitly has an 'any' type.
src/integrations/mercadolibre/client.ts(92,48): error TS18046: 'response.data' is of type 'unknown'.
src/integrations/mercadolibre/client.ts(92,87): error TS18046: 'response.data' is of type 'unknown'.
src/integrations/mercadolibre/client.ts(93,13): error TS2322: Type 'unknown' is not assignable to type 'MLSearchResponse'.
src/integrations/mercadolibre/client.ts(118,13): error TS2322: Type 'unknown' is not assignable to type 'MLRealEstateItem'.
src/integrations/mercadolibre/client.ts(137,20): error TS18046: 'response.data' is of type 'unknown'.
src/integrations/mercadolibre/client.ts(137,48): error TS18046: 'response.data' is of type 'unknown'.
src/scripts/clear_db.ts(8,30): error TS2339: Property 'listingSnapshot' does not exist on type 'PrismaClient<PrismaClientOptions, never, DefaultArgs>'.
src/scripts/debug_dummy.ts(3,21): error TS2307: Cannot find module 'supertest' or its corresponding type declarations.
src/scripts/debug_dummy.ts(4,38): error TS2307: Cannot find module '../auth/bluejax_jwt' or its corresponding type declarations.
src/scripts/seed-users.ts(17,13): error TS2322: Type 'string[]' is not assignable to type 'string'.
src/scripts/seed-users.ts(31,13): error TS2322: Type 'string[]' is not assignable to type 'string'.
src/setup_and_crawl.ts(27,50): error TS2339: Property 'createOrUpdateProfile' does not exist on type 'SourceProfileService'.
src/test_api_prices.ts(1,19): error TS2307: Cannot find module 'node-fetch' or its corresponding type declarations.
src/test_correct_crawler.ts(62,24): error TS2353: Object literal may only specify known properties, and 'createdAt' does not exist in type 'CrawlEventOrderByWithRelationInput | CrawlEventOrderByWithRelationInput[]'.
src/test_real_crawler.ts(70,24): error TS2353: Object literal may only specify known properties, and 'createdAt' does not exist in type 'CrawlEventOrderByWithRelationInput | CrawlEventOrderByWithRelationInput[]'.
src/test_real_crawler.ts(81,24): error TS2353: Object literal may only specify known properties, and 'createdAt' does not exist in type 'SourceSnapshotOrderByWithRelationInput | SourceSnapshotOrderByWithRelationInput[]'.
src/trigger_crawl.ts(7,45): error TS2339: Property 'runAll' does not exist on type 'CrawlScheduler'.
